[silevis.github.io/reactgrid/docs/5.0/1-getting-started.html]
[backblue.gif]
[fade.gif]
[index.html]
[silevis.github.io/reactgrid/_next/static/css/3f22f94f2fe70602.css]
[silevis.github.io/reactgrid/_next/static/css/54fde772ad89017e.css]
[silevis.github.io/reactgrid/_next/static/chunks/polyfills-78c92fac7aa8fdd8.js]
[silevis.github.io/reactgrid/_next/static/chunks/webpack-81acf61605f39cb5.js]
[silevis.github.io/reactgrid/_next/static/chunks/framework-b25ba0d69e5da265.js]
[silevis.github.io/reactgrid/_next/static/chunks/main-bf4f87f649fa6b6a.js]
[silevis.github.io/reactgrid/_next/static/chunks/pages/_app-ca47b77f8cd7bd18.js]
[silevis.github.io/reactgrid/_next/static/chunks/170-2da32cbd2197ef67.js]
[silevis.github.io/reactgrid/_next/static/chunks/5262-e3cec9ac7b101d45.js]
[silevis.github.io/reactgrid/_next/static/chunks/8077-e1a36fc26ef862dc.js]
[silevis.github.io/reactgrid/_next/static/chunks/pages/docs/5.0/1-getting-started-d694c28500bab822.js]
[silevis.github.io/reactgrid/_next/static/ccV8fLBvryF1MSwYouclF/_buildManifest.js]
[silevis.github.io/reactgrid/_next/static/ccV8fLBvryF1MSwYouclF/_ssgManifest.js]
[silevis.github.io/reactgrid/docs/5.0/2-implementing-core-features/8-cell-span.html]
[silevis.github.io/reactgrid/docs/5.0/2-implementing-core-features/9-column-and-row-reordering.html]
[silevis.github.io/reactgrid/docs/5.0/2-implementing-core-features/3-column-resizing.html]
[silevis.github.io/reactgrid/docs/5.0/2-implementing-core-features/10-copy-cut-paste.html]
[silevis.github.io/reactgrid/docs/5.0/2-implementing-core-features/5-fill-handle.html]
[silevis.github.io/reactgrid/docs/5.0/2-implementing-core-features/2-handling-changes.html]
[silevis.github.io/reactgrid/docs/5.0/2-implementing-core-features/1-initial-focus-location.html]
[silevis.github.io/reactgrid/docs/5.0/2-implementing-core-features/7-keyboard-shortcuts.html]
[silevis.github.io/reactgrid/docs/5.0/2-implementing-core-features/4-sticky.html]
[silevis.github.io/reactgrid/docs/5.0/2-implementing-core-features/6-styled-ranges.html]
[silevis.github.io/reactgrid/docs/5.0/3-cell-templates.html]
[silevis.github.io/reactgrid/docs/5.0/3-cell-templates/3-non-editable-cell.html]
[silevis.github.io/reactgrid/docs/5.0/3-cell-templates/2-number-cell.html]
[silevis.github.io/reactgrid/docs/5.0/3-cell-templates/1-text-cell.html]
[silevis.github.io/reactgrid/docs/5.0/4-create-your-own-cell-template.html]
[silevis.github.io/reactgrid/docs/5.0/5-styling.html]
[silevis.github.io/reactgrid/docs/5.0/6-api/0-interfaces/2-reactgrid-api.html]
[silevis.github.io/reactgrid/docs/5.0/6-api/0-interfaces/1-reactgrid-props.html]
[silevis.github.io/reactgrid/docs/5.0/6-api/1-types/8-behavior.html]
[silevis.github.io/reactgrid/docs/5.0/6-api/1-types/3-cell.html]
[silevis.github.io/reactgrid/docs/5.0/6-api/1-types/5-cell-context.html]
[silevis.github.io/reactgrid/docs/5.0/6-api/1-types/4-cells-lookup.html]
[silevis.github.io/reactgrid/docs/5.0/6-api/1-types/2-column.html]
[silevis.github.io/reactgrid/docs/5.0/6-api/1-types/6-numerical-range.html]
[silevis.github.io/reactgrid/docs/5.0/6-api/1-types/1-row.html]
[silevis.github.io/reactgrid/docs/5.0/6-api/1-types/7-styled-range.html]
[silevis.github.io/reactgrid/docs/5.0/6-api/2-hooks/2-usecellcontext.html]
[silevis.github.io/reactgrid/docs/5.0/6-api/2-hooks/1-usereactgridapi.html]
[silevis.github.io/reactgrid/docs/5.0/6-api/3-functions/1-isvalidkey.html]
[silevis.github.io/reactgrid/static/workflow-table-1.png]
[silevis.github.io/reactgrid/static/workflow-table-2.png]
[silevis.github.io/reactgrid/docs/5.0/1-getting-started.html]
[silevis.github.io/reactgrid/_next/static/css/3f22f94f2fe70602.css]
[silevis.github.io/reactgrid/_next/static/css/54fde772ad89017e.css]
[silevis.github.io/reactgrid/_next/static/chunks/pages/docs/5.0/2-implementing-core-features/8-cell-span-bb6dc868b6709fdc.js]
[silevis.github.io/reactgrid/docs/5.0/2-implementing-core-features/8-cell-span.html]
[silevis.github.io/reactgrid/_next/static/chunks/pages/docs/5.0/2-implementing-core-features/9-column-and-row-reordering-477f1a0132b70380.js]
[silevis.github.io/reactgrid/docs/5.0/2-implementing-core-features/9-column-and-row-reordering.html]
[silevis.github.io/reactgrid/_next/static/chunks/pages/docs/5.0/2-implementing-core-features/3-column-resizing-84c6ed57a59edc71.js]
[silevis.github.io/reactgrid/docs/5.0/2-implementing-core-features/3-column-resizing.html]
[silevis.github.io/reactgrid/_next/static/chunks/pages/docs/5.0/2-implementing-core-features/10-copy-cut-paste-ee81a27b489f7122.js]
[silevis.github.io/reactgrid/docs/5.0/2-implementing-core-features/10-copy-cut-paste.html]
[silevis.github.io/reactgrid/_next/static/chunks/pages/docs/5.0/2-implementing-core-features/5-fill-handle-663737dc4897ef63.js]
[silevis.github.io/reactgrid/docs/5.0/2-implementing-core-features/5-fill-handle.html]
[silevis.github.io/reactgrid/_next/static/chunks/pages/docs/5.0/2-implementing-core-features/2-handling-changes-7e500e5e55e3ab91.js]
[silevis.github.io/reactgrid/docs/5.0/2-implementing-core-features/2-handling-changes.html]
[silevis.github.io/reactgrid/_next/static/chunks/pages/docs/5.0/2-implementing-core-features/1-initial-focus-location-f8cf7c4fd01a0e36.js]
[silevis.github.io/reactgrid/docs/5.0/2-implementing-core-features/1-initial-focus-location.html]
[silevis.github.io/reactgrid/_next/static/chunks/pages/docs/5.0/2-implementing-core-features/7-keyboard-shortcuts-1de1767bb1637238.js]
[silevis.github.io/reactgrid/docs/5.0/2-implementing-core-features/7-keyboard-shortcuts.html]
[silevis.github.io/reactgrid/_next/static/chunks/pages/docs/5.0/2-implementing-core-features/4-sticky-651ca7fb62b1ad93.js]
[silevis.github.io/reactgrid/docs/5.0/2-implementing-core-features/4-sticky.html]
[silevis.github.io/reactgrid/_next/static/chunks/pages/docs/5.0/2-implementing-core-features/6-styled-ranges-5541c49ba00416c3.js]
[silevis.github.io/reactgrid/docs/5.0/2-implementing-core-features/6-styled-ranges.html]
[silevis.github.io/reactgrid/_next/static/chunks/pages/docs/5.0/3-cell-templates-edd6a0af9da44cb4.js]
[silevis.github.io/reactgrid/docs/5.0/3-cell-templates.html]
[silevis.github.io/reactgrid/_next/static/chunks/pages/docs/5.0/3-cell-templates/3-non-editable-cell-301b83a8e68a1d5a.js]
[silevis.github.io/reactgrid/docs/5.0/3-cell-templates/3-non-editable-cell.html]
[silevis.github.io/reactgrid/_next/static/chunks/pages/docs/5.0/3-cell-templates/2-number-cell-b107e4b219519969.js]
[silevis.github.io/reactgrid/docs/5.0/3-cell-templates/2-number-cell.html]
[silevis.github.io/reactgrid/_next/static/chunks/pages/docs/5.0/3-cell-templates/1-text-cell-5c5190eb9ca3f900.js]
[silevis.github.io/reactgrid/docs/5.0/3-cell-templates/1-text-cell.html]
[silevis.github.io/reactgrid/_next/static/chunks/e971612a-13550c11a673013e.js]
[silevis.github.io/reactgrid/_next/static/chunks/pages/docs/5.0/4-create-your-own-cell-template-7dc25b3cb2303e1e.js]
[silevis.github.io/reactgrid/docs/5.0/4-create-your-own-cell-template.html]
[silevis.github.io/reactgrid/_next/static/chunks/pages/docs/5.0/5-styling-8932118b2ecee509.js]
[silevis.github.io/reactgrid/docs/5.0/5-styling.html]
[silevis.github.io/reactgrid/_next/static/chunks/pages/docs/5.0/6-api/0-interfaces/2-reactgrid-api-a91ecc79a90425c2.js]
[silevis.github.io/reactgrid/docs/5.0/6-api/0-interfaces/2-reactgrid-api.html]
[silevis.github.io/reactgrid/_next/static/chunks/pages/docs/5.0/6-api/0-interfaces/1-reactgrid-props-63968402a075adb4.js]
[silevis.github.io/reactgrid/docs/5.0/6-api/0-interfaces/1-reactgrid-props.html]
[silevis.github.io/reactgrid/_next/static/chunks/pages/docs/5.0/6-api/1-types/8-behavior-d279834ae2aebbf2.js]
[silevis.github.io/reactgrid/docs/5.0/6-api/1-types/8-behavior.html]
[silevis.github.io/reactgrid/_next/static/chunks/pages/docs/5.0/6-api/1-types/3-cell-9d9582326f4683c4.js]
[silevis.github.io/reactgrid/docs/5.0/6-api/1-types/3-cell.html]
[silevis.github.io/reactgrid/_next/static/chunks/pages/docs/5.0/6-api/1-types/5-cell-context-bff09396600304b2.js]
[silevis.github.io/reactgrid/docs/5.0/6-api/1-types/5-cell-context.html]
[silevis.github.io/reactgrid/_next/static/chunks/pages/docs/5.0/6-api/1-types/4-cells-lookup-09b36524eb00eb0c.js]
[silevis.github.io/reactgrid/docs/5.0/6-api/1-types/4-cells-lookup.html]
[silevis.github.io/reactgrid/_next/static/chunks/pages/docs/5.0/6-api/1-types/2-column-027f0b8be7c9c792.js]
[silevis.github.io/reactgrid/docs/5.0/6-api/1-types/2-column.html]
[silevis.github.io/reactgrid/_next/static/chunks/pages/docs/5.0/6-api/1-types/6-numerical-range-b632b5ecd9e929b9.js]
[silevis.github.io/reactgrid/docs/5.0/6-api/1-types/6-numerical-range.html]
[silevis.github.io/reactgrid/_next/static/chunks/pages/docs/5.0/6-api/1-types/1-row-f8e1c52e1579f9cc.js]
[silevis.github.io/reactgrid/docs/5.0/6-api/1-types/1-row.html]
[silevis.github.io/reactgrid/_next/static/chunks/pages/docs/5.0/6-api/1-types/7-styled-range-d737e75d1c251735.js]
[silevis.github.io/reactgrid/docs/5.0/6-api/1-types/7-styled-range.html]
[silevis.github.io/reactgrid/_next/static/chunks/pages/docs/5.0/6-api/2-hooks/2-usecellcontext-391882f0aedb197e.js]
[silevis.github.io/reactgrid/docs/5.0/6-api/2-hooks/2-usecellcontext.html]
[silevis.github.io/reactgrid/_next/static/chunks/pages/docs/5.0/6-api/2-hooks/1-usereactgridapi-d69305431f7925f4.js]
[silevis.github.io/reactgrid/docs/5.0/6-api/2-hooks/1-usereactgridapi.html]
[silevis.github.io/reactgrid/_next/static/chunks/pages/docs/5.0/6-api/3-functions/1-isvalidkey-889487b1d5a12baa.js]
[silevis.github.io/reactgrid/docs/5.0/6-api/3-functions/1-isvalidkey.html]
